
> my-project@0.1.0 build
> next build

ظû▓ Next.js 16.2.0 (Turbopack)
- Environments: .env.local

  Creating an optimized production build ...
ظ£ô Compiled successfully in 2.3min
  Skipping validation of types
  Finished TypeScript config validation in 539ms ...
  Collecting page data using 7 workers ...
  Generating static pages using 7 workers (0/32) ...
  Generating static pages using 7 workers (8/32) 
  Generating static pages using 7 workers (16/32) 
  Generating static pages using 7 workers (24/32) 
ظ£ô Generating static pages using 7 workers (32/32) in 6.3s
  Finalizing page optimization ...

Route (app)                                    Revalidate  Expire
ظ¤î ظùï /                                                  5m      1y
ظ¤£ ظùï /_not-found                                        5m      1y
ظ¤£ ╞ْ /api/achievements
ظ¤£ ╞ْ /api/admin/admin-users
ظ¤£ ╞ْ /api/admin/administrative-requests
ظ¤£ ╞ْ /api/admin/attendance-history
ظ¤£ ╞ْ /api/admin/chat
ظ¤£ ╞ْ /api/admin/content/[section]
ظ¤£ ╞ْ /api/admin/governance-membership-requests
ظ¤£ ╞ْ /api/admin/services
ظ¤£ ╞ْ /api/admin/supporters
ظ¤£ ╞ْ /api/admin/upload
ظ¤£ ╞ْ /api/auth/change-password
ظ¤£ ╞ْ /api/auth/google/callback
ظ¤£ ╞ْ /api/auth/google/connect
ظ¤£ ╞ْ /api/auth/google/disconnect
ظ¤£ ╞ْ /api/auth/google/status
ظ¤£ ╞ْ /api/auth/login
ظ¤£ ╞ْ /api/auth/logout
ظ¤£ ╞ْ /api/auth/register
ظ¤£ ╞ْ /api/auth/session
ظ¤£ ╞ْ /api/drive
ظ¤£ ╞ْ /api/drive/folders
ظ¤£ ╞ْ /api/drive/upload
ظ¤£ ╞ْ /api/giftings/submit
ظ¤£ ╞ْ /api/governance/membership-request
ظ¤£ ╞ْ /api/operational-plans
ظ¤£ ╞ْ /api/tasks
ظ¤£ ╞ْ /api/upload
ظ¤£ ظùï /cart                                              5m      1y
ظ¤£ ╞ْ /dashboard
ظ¤£ ╞ْ /dashboard/[section]
ظ¤£ ╞ْ /donations/[id]
ظ¤£ ╞ْ /governance/[[...slug]]
ظ¤£ ╞ْ /profile
ظ¤¤ ╞ْ /projects/[id]


ظùï  (Static)   prerendered as static content
╞ْ  (Dynamic)  server-rendered on demand

