app/api/admin/administrative-requests/route.ts(616,5): error TS2739: Type 'PostgrestBuilder<any, { user_id: any; section_key: any; last_seen_at: any; } | null, false>' is missing the following properties from type 'Promise<{ data: DashboardSectionViewRow | null; error: { code?: string | undefined; message?: string | undefined; } | null; }>': catch, finally, [Symbol.toStringTag]
app/api/admin/administrative-requests/route.ts(651,7): error TS2739: Type 'PostgrestFilterBuilder<any, any, any, { id: any; user_id: any; request_type: any; target_user_id: any; status: any; subject: any; details: any; amount_requested: any; start_date: any; end_date: any; request_date: any; ... 6 more ...; created_at: any; }[], "administrative_requests", unknown, "GET">' is missing the following properties from type 'Promise<{ data: RequestRow[] | null; error: { code?: string | undefined; message?: string | undefined; } | null; }>': catch, finally, [Symbol.toStringTag]
app/api/admin/administrative-requests/route.ts(724,5): error TS2739: Type 'PostgrestBuilder<any, { id: any; name: any; address: any; latitude: any; longitude: any; radius_meters: any; google_maps_url: any; work_start_time: any; updated_at: any; updated_by: any; } | null, false>' is missing the following properties from type 'Promise<{ data: WorkLocationRow | null; error: { code?: string | undefined; message?: string | undefined; } | null; }>': catch, finally, [Symbol.toStringTag]
app/api/admin/administrative-requests/route.ts(749,5): error TS2739: Type 'PostgrestFilterBuilder<any, any, any, { user_id: any; national_id: any; birth_date: any; gender: any; marital_status: any; job_rank: any; created_by: any; }[], "employee_profiles", unknown, "GET">' is missing the following properties from type 'Promise<{ data: ProfileRow[] | null; error: { code?: string | undefined; message?: string | undefined; } | null; }>': catch, finally, [Symbol.toStringTag]
app/api/admin/administrative-requests/route.ts(752,5): error TS2739: Type 'PostgrestFilterBuilder<any, any, any, { user_id: any; leave_quota_days: any; leave_taken_days: any; allowance_total_days: any; allowance_used_days: any; permission_quota_count: any; permission_used_count: any; work_start_time: any; }[], "employee_leave_balances", unknown, "GET">' is missing the following properties from type 'Promise<{ data: LeaveBalanceRow[] | null; error: { code?: string | undefined; message?: string | undefined; } | null; }>': catch, finally, [Symbol.toStringTag]
app/api/admin/administrative-requests/route.ts(757,5): error TS2739: Type 'PostgrestFilterBuilder<any, any, any, { id: any; user_id: any; request_type: any; target_user_id: any; status: any; subject: any; details: any; amount_requested: any; start_date: any; end_date: any; request_date: any; ... 6 more ...; created_at: any; }[], "administrative_requests", unknown, "GET">' is missing the following properties from type 'Promise<{ data: RequestRow[] | null; error: { code?: string | undefined; message?: string | undefined; } | null; }>': catch, finally, [Symbol.toStringTag]
app/api/admin/administrative-requests/route.ts(762,58): error TS2345: Argument of type '() => PostgrestFilterBuilder<any, any, any, { id: any; user_id: any; work_date: any; clock_in_at: any; clock_out_at: any; clock_in_latitude: any; clock_in_longitude: any; clock_out_latitude: any; clock_out_longitude: any; notes: any; }[], "attendance_records", unknown, "GET">' is not assignable to parameter of type '() => Promise<{ data: AttendanceRow[] | null; error: { code?: string | undefined; message?: string | undefined; } | null; }>'.
  Type 'PostgrestFilterBuilder<any, any, any, { id: any; user_id: any; work_date: any; clock_in_at: any; clock_out_at: any; clock_in_latitude: any; clock_in_longitude: any; clock_out_latitude: any; clock_out_longitude: any; notes: any; }[], "attendance_records", unknown, "GET">' is missing the following properties from type 'Promise<{ data: AttendanceRow[] | null; error: { code?: string | undefined; message?: string | undefined; } | null; }>': catch, finally, [Symbol.toStringTag]
app/api/admin/administrative-requests/route.ts(1020,59): error TS2345: Argument of type '() => PostgrestFilterBuilder<any, any, any, { id: any; user_id: any; work_date: any; clock_in_at: any; clock_out_at: any; clock_in_latitude: any; clock_in_longitude: any; clock_out_latitude: any; clock_out_longitude: any; notes: any; }[], "attendance_records", unknown, "GET">' is not assignable to parameter of type '() => Promise<{ data: AttendanceRow[] | null; error: { code?: string | undefined; message?: string | undefined; } | null; }>'.
  Type 'PostgrestFilterBuilder<any, any, any, { id: any; user_id: any; work_date: any; clock_in_at: any; clock_out_at: any; clock_in_latitude: any; clock_in_longitude: any; clock_out_latitude: any; clock_out_longitude: any; notes: any; }[], "attendance_records", unknown, "GET">' is missing the following properties from type 'Promise<{ data: AttendanceRow[] | null; error: { code?: string | undefined; message?: string | undefined; } | null; }>': catch, finally, [Symbol.toStringTag]
app/api/admin/administrative-requests/route.ts(1038,7): error TS2739: Type 'PostgrestFilterBuilder<any, any, any, { user_id: any; leave_quota_days: any; leave_taken_days: any; allowance_total_days: any; allowance_used_days: any; permission_quota_count: any; permission_used_count: any; work_start_time: any; }[], "employee_leave_balances", unknown, "GET">' is missing the following properties from type 'Promise<{ data: LeaveBalanceRow[] | null; error: { code?: string | undefined; message?: string | undefined; } | null; }>': catch, finally, [Symbol.toStringTag]
app/api/admin/administrative-requests/route.ts(1278,11): error TS2739: Type 'PostgrestFilterBuilder<any, any, any, { id: any; full_name: any; phone: any; email: any; role: any; created_at: any; }[], "app_users", unknown, "GET">' is missing the following properties from type 'Promise<{ data: UserRow[] | null; error: { code?: string | undefined; message?: string | undefined; } | null; }>': catch, finally, [Symbol.toStringTag]
app/api/admin/administrative-requests/route.ts(1291,7): error TS2739: Type 'PostgrestFilterBuilder<any, any, any, { user_id: any; leave_quota_days: any; leave_taken_days: any; allowance_total_days: any; allowance_used_days: any; permission_quota_count: any; permission_used_count: any; work_start_time: any; }[], "employee_leave_balances", unknown, "GET">' is missing the following properties from type 'Promise<{ data: LeaveBalanceRow[] | null; error: { code?: string | undefined; message?: string | undefined; } | null; }>': catch, finally, [Symbol.toStringTag]
app/api/admin/administrative-requests/route.ts(1304,41): error TS2339: Property 'leaveQuotaDays' does not exist on type '{ action: "mark_review_requests_seen"; } | { action: "cancel_request"; requestId: string; } | { action: "review_request"; requestId: string; decision: "approved" | "rejected"; rejectionReason?: string | undefined; } | { ...; } | { ...; }'.
  Property 'leaveQuotaDays' does not exist on type '{ action: "mark_review_requests_seen"; }'.
app/api/admin/administrative-requests/route.ts(1306,45): error TS2339: Property 'lateQuotaMinutes' does not exist on type '{ action: "mark_review_requests_seen"; } | { action: "cancel_request"; requestId: string; } | { action: "review_request"; requestId: string; decision: "approved" | "rejected"; rejectionReason?: string | undefined; } | { ...; } | { ...; }'.
  Property 'lateQuotaMinutes' does not exist on type '{ action: "mark_review_requests_seen"; }'.
app/api/admin/administrative-requests/route.ts(1308,47): error TS2339: Property 'permissionQuotaMinutes' does not exist on type '{ action: "mark_review_requests_seen"; } | { action: "cancel_request"; requestId: string; } | { action: "review_request"; requestId: string; decision: "approved" | "rejected"; rejectionReason?: string | undefined; } | { ...; } | { ...; }'.
  Property 'permissionQuotaMinutes' does not exist on type '{ action: "mark_review_requests_seen"; }'.
app/api/admin/administrative-requests/route.ts(1310,40): error TS2339: Property 'workStartTime' does not exist on type '{ action: "mark_review_requests_seen"; } | { action: "cancel_request"; requestId: string; } | { action: "review_request"; requestId: string; decision: "approved" | "rejected"; rejectionReason?: string | undefined; } | { ...; } | { ...; }'.
  Property 'workStartTime' does not exist on type '{ action: "mark_review_requests_seen"; }'.
app/api/admin/administrative-requests/route.ts(1362,7): error TS2739: Type 'PostgrestFilterBuilder<any, any, any, { user_id: any; leave_quota_days: any; leave_taken_days: any; allowance_total_days: any; allowance_used_days: any; permission_quota_count: any; permission_used_count: any; work_start_time: any; }[], "employee_leave_balances", unknown, "GET">' is missing the following properties from type 'Promise<{ data: LeaveBalanceRow[] | null; error: { code?: string | undefined; message?: string | undefined; } | null; }>': catch, finally, [Symbol.toStringTag]
app/api/tasks/route.ts(143,23): error TS2339: Property 'error' does not exist on type '<Query extends string = "*", ResultOne = ParseQuery<Query> extends infer ParsedQuery ? ParsedQuery extends Node[] ? ProcessNodesWithoutSchema<ParsedQuery, {}> : ParsedQuery : any>(columns?: Query | undefined, options?: { ...; } | undefined) => PostgrestFilterBuilder<...>'.
app/api/tasks/route.ts(145,30): error TS2339: Property 'data' does not exist on type '<Query extends string = "*", ResultOne = ParseQuery<Query> extends infer ParsedQuery ? ParsedQuery extends Node[] ? ProcessNodesWithoutSchema<ParsedQuery, {}> : ParsedQuery : any>(columns?: Query | undefined, options?: { ...; } | undefined) => PostgrestFilterBuilder<...>'.
app/api/tasks/route.ts(150,39): error TS2339: Property 'error' does not exist on type '<Query extends string = "*", ResultOne = ParseQuery<Query> extends infer ParsedQuery ? ParsedQuery extends Node[] ? ProcessNodesWithoutSchema<ParsedQuery, {}> : ParsedQuery : any>(columns?: Query | undefined, options?: { ...; } | undefined) => PostgrestFilterBuilder<...>'.
app/api/tasks/route.ts(151,36): error TS2339: Property 'error' does not exist on type '<Query extends string = "*", ResultOne = ParseQuery<Query> extends infer ParsedQuery ? ParsedQuery extends Node[] ? ProcessNodesWithoutSchema<ParsedQuery, {}> : ParsedQuery : any>(columns?: Query | undefined, options?: { ...; } | undefined) => PostgrestFilterBuilder<...>'.
app/api/tasks/route.ts(155,25): error TS2339: Property 'error' does not exist on type '<Query extends string = "*", ResultOne = ParseQuery<Query> extends infer ParsedQuery ? ParsedQuery extends Node[] ? ProcessNodesWithoutSchema<ParsedQuery, {}> : ParsedQuery : any>(columns?: Query | undefined, options?: { ...; } | undefined) => PostgrestFilterBuilder<...>'.
app/api/tasks/route.ts(156,39): error TS2339: Property 'error' does not exist on type '<Query extends string = "*", ResultOne = ParseQuery<Query> extends infer ParsedQuery ? ParsedQuery extends Node[] ? ProcessNodesWithoutSchema<ParsedQuery, {}> : ParsedQuery : any>(columns?: Query | undefined, options?: { ...; } | undefined) => PostgrestFilterBuilder<...>'.
app/api/tasks/route.ts(160,49): error TS2339: Property 'data' does not exist on type '<Query extends string = "*", ResultOne = ParseQuery<Query> extends infer ParsedQuery ? ParsedQuery extends Node[] ? ProcessNodesWithoutSchema<ParsedQuery, {}> : ParsedQuery : any>(columns?: Query | undefined, options?: { ...; } | undefined) => PostgrestFilterBuilder<...>'.
app/api/tasks/route.ts(251,36): error TS2322: Type 'PostgrestFilterBuilder<any, any, any, GenericStringError[], "user_tasks", unknown, "GET">' is not assignable to type '<Query extends string = "*", ResultOne = ParseQuery<Query> extends infer ParsedQuery ? ParsedQuery extends Node[] ? ProcessNodesWithoutSchema<ParsedQuery, {}> : ParsedQuery : any>(columns?: Query | undefined, options?: { ...; } | undefined) => PostgrestFilterBuilder<...>'.
  Type 'PostgrestFilterBuilder<any, any, any, GenericStringError[], "user_tasks", unknown, "GET">' provides no match for the signature '<Query extends string = "*", ResultOne = ParseQuery<Query> extends infer ParsedQuery ? ParsedQuery extends Node[] ? ProcessNodesWithoutSchema<ParsedQuery, {}> : ParsedQuery : any>(columns?: Query | undefined, options?: { ...; } | undefined): PostgrestFilterBuilder<...>'.
app/api/tasks/route.ts(255,40): error TS2322: Type 'PostgrestFilterBuilder<any, any, any, GenericStringError[], "user_tasks", unknown, "GET">' is not assignable to type '<Query extends string = "*", ResultOne = ParseQuery<Query> extends infer ParsedQuery ? ParsedQuery extends Node[] ? ProcessNodesWithoutSchema<ParsedQuery, {}> : ParsedQuery : any>(columns?: Query | undefined, options?: { ...; } | undefined) => PostgrestFilterBuilder<...>'.
  Type 'PostgrestFilterBuilder<any, any, any, GenericStringError[], "user_tasks", unknown, "GET">' provides no match for the signature '<Query extends string = "*", ResultOne = ParseQuery<Query> extends infer ParsedQuery ? ParsedQuery extends Node[] ? ProcessNodesWithoutSchema<ParsedQuery, {}> : ParsedQuery : any>(columns?: Query | undefined, options?: { ...; } | undefined): PostgrestFilterBuilder<...>'.
app/api/tasks/route.ts(278,64): error TS2322: Type 'PostgrestFilterBuilder<any, any, any, GenericStringError[], "user_tasks", unknown, "GET">' is not assignable to type '<Query extends string = "*", ResultOne = ParseQuery<Query> extends infer ParsedQuery ? ParsedQuery extends Node[] ? ProcessNodesWithoutSchema<ParsedQuery, {}> : ParsedQuery : any>(columns?: Query | undefined, options?: { ...; } | undefined) => PostgrestFilterBuilder<...>'.
  Type 'PostgrestFilterBuilder<any, any, any, GenericStringError[], "user_tasks", unknown, "GET">' provides no match for the signature '<Query extends string = "*", ResultOne = ParseQuery<Query> extends infer ParsedQuery ? ParsedQuery extends Node[] ? ProcessNodesWithoutSchema<ParsedQuery, {}> : ParsedQuery : any>(columns?: Query | undefined, options?: { ...; } | undefined): PostgrestFilterBuilder<...>'.
app/dashboard/[section]/page.tsx(201,49): error TS2345: Argument of type '"length" | "toString" | "concat" | "slice" | "indexOf" | "lastIndexOf" | "includes" | "at" | "sub" | "charAt" | "charCodeAt" | "localeCompare" | "match" | "replace" | "search" | ... 35 more ... | "valueOf"' is not assignable to parameter of type '"governance_board" | "governance_board_members" | "governance_general_assembly" | "governance_general_assembly_members" | "governance_general_assembly_minutes" | "governance_general_assembly_membership" | ... 18 more ... | "permissions"'.
  Type '"length"' is not assignable to type '"governance_board" | "governance_board_members" | "governance_general_assembly" | "governance_general_assembly_members" | "governance_general_assembly_minutes" | "governance_general_assembly_membership" | ... 18 more ... | "permissions"'.
app/dashboard/[section]/page.tsx(202,79): error TS2322: Type '{ logo: string; alt: string; arabicName: string; englishName: string; textColor: string; arabicFontWeight: "bold" | "normal"; englishFontWeight: "bold" | "normal"; } | { slides: { id: number; title: string; description: string; image: string; subtitle: string; }[]; donateLabel: string; aboutLabel: string; } | ... 10...' is not assignable to type '{ items: { id: number; date: string; title: string; description: string; fileUrl: string; }[]; }'.
  Property 'items' is missing in type '{ logo: string; alt: string; arabicName: string; englishName: string; textColor: string; arabicFontWeight: "bold" | "normal"; englishFontWeight: "bold" | "normal"; }' but required in type '{ items: { id: number; date: string; title: string; description: string; fileUrl: string; }[]; }'.
components/auth-dialog.tsx(309,105): error TS2322: Type '{ children: (Element | null)[]; align: "end"; className: string; dir: string; }' is not assignable to type 'IntrinsicAttributes & DropdownMenuContentProps & RefAttributes<HTMLDivElement>'.
  Property 'dir' does not exist on type 'IntrinsicAttributes & DropdownMenuContentProps & RefAttributes<HTMLDivElement>'.
components/auth-dialog.tsx(437,77): error TS2339: Property 'name' does not exist on type 'never'.
components/auth-dialog.tsx(438,77): error TS2339: Property 'phone' does not exist on type 'never'.
components/auth-dialog.tsx(439,77): error TS2339: Property 'email' does not exist on type 'never'.
components/auth-dialog.tsx(444,27): error TS2339: Property 'role' does not exist on type 'never'.
components/dashboard/administrative-requests-dashboard.tsx(702,15): error TS2322: Type 'LeaveBalance | { userId: string; leaveQuotaDays: number; leaveTakenDays: number; lateQuotaMinutes: number; lateUsedMinutes: number; permissionQuotaMinutes: number; permissionUsedMinutes: number; }' is not assignable to type 'LeaveBalance'.
  Property 'workStartTime' is missing in type '{ userId: string; leaveQuotaDays: number; leaveTakenDays: number; lateQuotaMinutes: number; lateUsedMinutes: number; permissionQuotaMinutes: number; permissionUsedMinutes: number; }' but required in type 'LeaveBalance'.
components/dashboard/services-dashboard.tsx(432,60): error TS2353: Object literal may only specify known properties, and 'disableWorker' does not exist in type 'URL | ArrayBuffer | TypedArray | DocumentInitParameters'.
components/dashboard/services-dashboard.tsx(444,27): error TS2345: Argument of type '{ canvasContext: CanvasRenderingContext2D; viewport: PageViewport; }' is not assignable to parameter of type 'RenderParameters'.
  Property 'canvas' is missing in type '{ canvasContext: CanvasRenderingContext2D; viewport: PageViewport; }' but required in type 'RenderParameters'.
components/dashboard/services-dashboard.tsx(457,38): error TS7016: Could not find a declaration file for module 'mammoth/mammoth.browser'. 'C:/Users/wajeh/Desktop/sites/JM3EH1-main/node_modules/mammoth/mammoth.browser.js' implicitly has an 'any' type.
  Try `npm i --save-dev @types/mammoth` if it exists or add a new declaration (.d.ts) file containing `declare module 'mammoth/mammoth.browser';`
components/dashboard/services-dashboard.tsx(692,58): error TS2353: Object literal may only specify known properties, and 'disableWorker' does not exist in type 'URL | ArrayBuffer | TypedArray | DocumentInitParameters'.
components/dashboard/services-dashboard.tsx(707,27): error TS2345: Argument of type '{ canvasContext: CanvasRenderingContext2D; viewport: PageViewport; }' is not assignable to parameter of type 'RenderParameters'.
  Property 'canvas' is missing in type '{ canvasContext: CanvasRenderingContext2D; viewport: PageViewport; }' but required in type 'RenderParameters'.
components/dashboard/services-dashboard.tsx(758,56): error TS2353: Object literal may only specify known properties, and 'disableWorker' does not exist in type 'URL | ArrayBuffer | TypedArray | DocumentInitParameters'.
components/dashboard/services-dashboard.tsx(773,25): error TS2345: Argument of type '{ canvasContext: CanvasRenderingContext2D; viewport: PageViewport; }' is not assignable to parameter of type 'RenderParameters'.
  Property 'canvas' is missing in type '{ canvasContext: CanvasRenderingContext2D; viewport: PageViewport; }' but required in type 'RenderParameters'.
components/dashboard/services-dashboard.tsx(826,60): error TS2353: Object literal may only specify known properties, and 'disableWorker' does not exist in type 'URL | ArrayBuffer | TypedArray | DocumentInitParameters'.
components/dashboard/services-dashboard.tsx(841,29): error TS2345: Argument of type '{ canvasContext: CanvasRenderingContext2D; viewport: PageViewport; }' is not assignable to parameter of type 'RenderParameters'.
  Property 'canvas' is missing in type '{ canvasContext: CanvasRenderingContext2D; viewport: PageViewport; }' but required in type 'RenderParameters'.
components/dashboard/services-dashboard.tsx(1002,60): error TS2353: Object literal may only specify known properties, and 'disableWorker' does not exist in type 'URL | ArrayBuffer | TypedArray | DocumentInitParameters'.
components/dashboard/services-dashboard.tsx(1017,29): error TS2345: Argument of type '{ canvasContext: CanvasRenderingContext2D; viewport: PageViewport; }' is not assignable to parameter of type 'RenderParameters'.
  Property 'canvas' is missing in type '{ canvasContext: CanvasRenderingContext2D; viewport: PageViewport; }' but required in type 'RenderParameters'.
components/tasks-page-client.tsx(264,18): error TS2367: This comparison appears to be unintentional because the types '"task"' and '"internal_transaction"' have no overlap.
components/tasks-page-client.tsx(276,16): error TS2367: This comparison appears to be unintentional because the types '"task"' and '"internal_transaction"' have no overlap.
components/ui/context-menu.tsx(87,7): error TS2322: Type '{ about?: string | undefined; id?: string | undefined; title?: string | undefined; color?: string | undefined; content?: string | undefined; children?: ReactNode; role?: AriaRole | undefined; ... 290 more ...; className: string; }' is not assignable to type 'IntrinsicAttributes & ContextMenuSubContentProps & RefAttributes<HTMLDivElement>'.
  Property 'dir' does not exist on type 'IntrinsicAttributes & ContextMenuSubContentProps & RefAttributes<HTMLDivElement>'.
components/ui/context-menu.tsx(105,9): error TS2322: Type '{ about?: string | undefined; id?: string | undefined; title?: string | undefined; color?: string | undefined; content?: string | undefined; children?: ReactNode; role?: AriaRole | undefined; ... 290 more ...; className: string; }' is not assignable to type 'IntrinsicAttributes & ContextMenuContentProps & RefAttributes<HTMLDivElement>'.
  Property 'dir' does not exist on type 'IntrinsicAttributes & ContextMenuContentProps & RefAttributes<HTMLDivElement>'.
components/ui/dropdown-menu.tsx(44,9): error TS2322: Type '{ about?: string | undefined; id?: string | undefined; title?: string | undefined; color?: string | undefined; content?: string | undefined; children?: ReactNode; role?: AriaRole | undefined; ... 293 more ...; className: string; }' is not assignable to type 'IntrinsicAttributes & DropdownMenuContentProps & RefAttributes<HTMLDivElement>'.
  Property 'dir' does not exist on type 'IntrinsicAttributes & DropdownMenuContentProps & RefAttributes<HTMLDivElement>'.
components/ui/dropdown-menu.tsx(233,7): error TS2322: Type '{ about?: string | undefined; id?: string | undefined; title?: string | undefined; color?: string | undefined; content?: string | undefined; children?: ReactNode; role?: AriaRole | undefined; ... 290 more ...; className: string; }' is not assignable to type 'IntrinsicAttributes & DropdownMenuSubContentProps & RefAttributes<HTMLDivElement>'.
  Property 'dir' does not exist on type 'IntrinsicAttributes & DropdownMenuSubContentProps & RefAttributes<HTMLDivElement>'.
components/ui/menubar.tsx(78,9): error TS2322: Type '{ about?: string | undefined; id?: string | undefined; title?: string | undefined; color?: string | undefined; content?: string | undefined; children?: ReactNode; role?: AriaRole | undefined; ... 293 more ...; className: string; }' is not assignable to type 'IntrinsicAttributes & MenubarContentProps & RefAttributes<HTMLDivElement>'.
  Property 'dir' does not exist on type 'IntrinsicAttributes & MenubarContentProps & RefAttributes<HTMLDivElement>'.
components/ui/menubar.tsx(251,7): error TS2322: Type '{ about?: string | undefined; id?: string | undefined; title?: string | undefined; color?: string | undefined; content?: string | undefined; children?: ReactNode; role?: AriaRole | undefined; ... 290 more ...; className: string; }' is not assignable to type 'IntrinsicAttributes & MenubarSubContentProps & RefAttributes<HTMLDivElement>'.
  Property 'dir' does not exist on type 'IntrinsicAttributes & MenubarSubContentProps & RefAttributes<HTMLDivElement>'.
lib/site-content.ts(826,3): error TS2322: Type '{ slides: { id: number; image: string; title: string; subtitle: string; description: string; }[]; donateLabel: string; aboutLabel: string; } | { title: string; description: string; badge: string; highlight: string; items: { ...; }[]; } | ... 10 more ... | { ...; }[T]' is not assignable to type '{ logo: { logo: string; alt: string; arabicName: string; englishName: string; textColor: string; arabicFontWeight: "normal" | "bold"; englishFontWeight: "normal" | "bold"; }; hero: { slides: { ...; }[]; donateLabel: string; aboutLabel: string; }; ... 22 more ...; governance_endowments: { ...; }; }[T]'.
  Type '{ slides: { id: number; image: string; title: string; subtitle: string; description: string; }[]; donateLabel: string; aboutLabel: string; }' is not assignable to type '{ logo: { logo: string; alt: string; arabicName: string; englishName: string; textColor: string; arabicFontWeight: "normal" | "bold"; englishFontWeight: "normal" | "bold"; }; hero: { slides: { ...; }[]; donateLabel: string; aboutLabel: string; }; ... 22 more ...; governance_endowments: { ...; }; }[T]'.
    Type '{ slides: { id: number; image: string; title: string; subtitle: string; description: string; }[]; donateLabel: string; aboutLabel: string; }' is not assignable to type '{ items: { id: number; title: string; description: string; date: string; fileUrl: string; }[]; } & { logo: string; alt: string; arabicName: string; englishName: string; textColor: string; arabicFontWeight: "normal" | "bold"; englishFontWeight: "normal" | "bold"; } & ... 10 more ... & { ...; }'.
      Property 'items' is missing in type '{ slides: { id: number; image: string; title: string; subtitle: string; description: string; }[]; donateLabel: string; aboutLabel: string; }' but required in type '{ items: { id: number; title: string; description: string; date: string; fileUrl: string; }[]; }'.
